MPLINK 4.41, Linker
Linker Map File - Created Tue Jun 17 13:08:36 2025

                                 Section Info
                  Section       Type    Address   Location Size(Bytes)
                ---------  ---------  ---------  ---------  ---------
                   .org_0       code   0x000000    program   0x000000
                   .org_1       code   0x000000    program   0x0001ae
      .config_2007_MAIN.O       code   0x002007    program   0x000002



                              Program Memory Usage 
                               Start         End      
                           ---------   ---------      
                            0x000000    0x0000d6      
                            0x002007    0x002007      
            216 out of 8454 program addresses used, program memory utilization is 2%



                              Symbols - Sorted by Name
                     Name    Address   Location    Storage File                     
                ---------  ---------  ---------  --------- ---------                
           DigitInputLoop   0x000036    program     static C:\Users\Dell\RealTimeProject\Project4\code\main.asm
                     IDLE   0x00009b    program     static C:\Users\Dell\RealTimeProject\Project4\code\main.asm
                NextDigit   0x000035    program     static C:\Users\Dell\RealTimeProject\Project4\code\main.asm
                    START   0x000001    program     static C:\Users\Dell\RealTimeProject\Project4\code\main.asm
           button_pressed   0x00004c    program     static C:\Users\Dell\RealTimeProject\Project4\code\main.asm
            clear_display   0x000084    program     static C:\Users\Dell\RealTimeProject\Project4\code\main.asm
             display_char   0x000081    program     static C:\Users\Dell\RealTimeProject\Project4\code\main.asm
          display_welcome   0x000056    program     static C:\Users\Dell\RealTimeProject\Project4\code\main.asm
        half_second_delay   0x000093    program     static C:\Users\Dell\RealTimeProject\Project4\code\main.asm
                     inid   0x0000bc    program     static C:\Users\Dell\RealTimeProject\Project4\code\LCDIS.INC
                    loop1   0x00009e    program     static C:\Users\Dell\RealTimeProject\Project4\code\LCDIS.INC
                    loopX   0x0000a3    program     static C:\Users\Dell\RealTimeProject\Project4\code\LCDIS.INC
                    onems   0x00009c    program     static C:\Users\Dell\RealTimeProject\Project4\code\LCDIS.INC
                   pulseE   0x0000a7    program     static C:\Users\Dell\RealTimeProject\Project4\code\LCDIS.INC
     quarter_second_delay   0x00008a    program     static C:\Users\Dell\RealTimeProject\Project4\code\main.asm
                     send   0x0000ac    program     static C:\Users\Dell\RealTimeProject\Project4\code\LCDIS.INC
               set_cursor   0x000053    program     static C:\Users\Dell\RealTimeProject\Project4\code\main.asm
         two_second_delay   0x000096    program     static C:\Users\Dell\RealTimeProject\Project4\code\main.asm
             welcome_loop   0x000010    program     static C:\Users\Dell\RealTimeProject\Project4\code\main.asm
                      xms   0x0000a2    program     static C:\Users\Dell\RealTimeProject\Project4\code\LCDIS.INC



                              Symbols - Sorted by Address
                     Name    Address   Location    Storage File                     
                ---------  ---------  ---------  --------- ---------                
                    START   0x000001    program     static C:\Users\Dell\RealTimeProject\Project4\code\main.asm
             welcome_loop   0x000010    program     static C:\Users\Dell\RealTimeProject\Project4\code\main.asm
                NextDigit   0x000035    program     static C:\Users\Dell\RealTimeProject\Project4\code\main.asm
           DigitInputLoop   0x000036    program     static C:\Users\Dell\RealTimeProject\Project4\code\main.asm
           button_pressed   0x00004c    program     static C:\Users\Dell\RealTimeProject\Project4\code\main.asm
               set_cursor   0x000053    program     static C:\Users\Dell\RealTimeProject\Project4\code\main.asm
          display_welcome   0x000056    program     static C:\Users\Dell\RealTimeProject\Project4\code\main.asm
             display_char   0x000081    program     static C:\Users\Dell\RealTimeProject\Project4\code\main.asm
            clear_display   0x000084    program     static C:\Users\Dell\RealTimeProject\Project4\code\main.asm
     quarter_second_delay   0x00008a    program     static C:\Users\Dell\RealTimeProject\Project4\code\main.asm
        half_second_delay   0x000093    program     static C:\Users\Dell\RealTimeProject\Project4\code\main.asm
         two_second_delay   0x000096    program     static C:\Users\Dell\RealTimeProject\Project4\code\main.asm
                     IDLE   0x00009b    program     static C:\Users\Dell\RealTimeProject\Project4\code\main.asm
                    onems   0x00009c    program     static C:\Users\Dell\RealTimeProject\Project4\code\LCDIS.INC
                    loop1   0x00009e    program     static C:\Users\Dell\RealTimeProject\Project4\code\LCDIS.INC
                      xms   0x0000a2    program     static C:\Users\Dell\RealTimeProject\Project4\code\LCDIS.INC
                    loopX   0x0000a3    program     static C:\Users\Dell\RealTimeProject\Project4\code\LCDIS.INC
                   pulseE   0x0000a7    program     static C:\Users\Dell\RealTimeProject\Project4\code\LCDIS.INC
                     send   0x0000ac    program     static C:\Users\Dell\RealTimeProject\Project4\code\LCDIS.INC
                     inid   0x0000bc    program     static C:\Users\Dell\RealTimeProject\Project4\code\LCDIS.INC


