MPLINK 4.41, Linker
Linker Map File - Created Sat Jul 05 15:43:03 2025

                                 Section Info
                  Section       Type    Address   Location Size(Bytes)
                ---------  ---------  ---------  ---------  ---------
                   .org_0       code   0x000000    program   0x000000
                   .org_1       code   0x000000    program   0x0007aa
      .config_2007_MAIN.O       code   0x002007    program   0x000002



                              Program Memory Usage 
                               Start         End      
                           ---------   ---------      
                            0x000000    0x0003d4      
                            0x002007    0x002007      
            982 out of 8454 program addresses used, program memory utilization is 11%



                              Symbols - Sorted by Name
                     Name    Address   Location    Storage File                     
                ---------  ---------  ---------  --------- ---------                
              AF_DEC_LOOP   0x0001b0    program     static C:\Users\Dell\RealTimeProject\Project4\master\main.asm
              AF_INT_LOOP   0x0001a6    program     static C:\Users\Dell\RealTimeProject\Project4\master\main.asm
                AUTO_FILL   0x0001a2    program     static C:\Users\Dell\RealTimeProject\Project4\master\main.asm
               BLINK_LOOP   0x000014    program     static C:\Users\Dell\RealTimeProject\Project4\master\main.asm
              BTN_PRESSED   0x0001a1    program     static C:\Users\Dell\RealTimeProject\Project4\master\main.asm
                  BTN_REL   0x00018d    program     static C:\Users\Dell\RealTimeProject\Project4\master\main.asm
             BTN_RELEASED   0x000244    program     static C:\Users\Dell\RealTimeProject\Project4\master\main.asm
          CHECK_BTN_STATE   0x000235    program     static C:\Users\Dell\RealTimeProject\Project4\master\main.asm
         CHECK_DENOM_ZERO   0x00035f    program     static C:\Users\Dell\RealTimeProject\Project4\master\main.asm
      CHECK_RESULT_BUTTON   0x000044    program     static C:\Users\Dell\RealTimeProject\Project4\master\main.asm
  CHECK_RESULT_BUTTON_END   0x000070    program     static C:\Users\Dell\RealTimeProject\Project4\master\main.asm
       CHECK_TIMER_EXPIRE   0x000067    program     static C:\Users\Dell\RealTimeProject\Project4\master\main.asm
             CLEAR_ARRAYS   0x0000ce    program     static C:\Users\Dell\RealTimeProject\Project4\master\main.asm
             CLEAR_PROMPT   0x0001ed    program     static C:\Users\Dell\RealTimeProject\Project4\master\main.asm
         CLEAR_PROMPT_DEC   0x00021e    program     static C:\Users\Dell\RealTimeProject\Project4\master\main.asm
                 CLR_LOOP   0x0000d2    program     static C:\Users\Dell\RealTimeProject\Project4\master\main.asm
           CONTINUE_INPUT   0x0000e8    program     static C:\Users\Dell\RealTimeProject\Project4\master\main.asm
       CYCLE_DISPLAY_MODE   0x000071    program     static C:\Users\Dell\RealTimeProject\Project4\master\main.asm
              CZ_DEC_LOOP   0x000371    program     static C:\Users\Dell\RealTimeProject\Project4\master\main.asm
              CZ_DEC_NEXT   0x000377    program     static C:\Users\Dell\RealTimeProject\Project4\master\main.asm
              CZ_INT_LOOP   0x000364    program     static C:\Users\Dell\RealTimeProject\Project4\master\main.asm
              CZ_INT_NEXT   0x00036a    program     static C:\Users\Dell\RealTimeProject\Project4\master\main.asm
                 D10_LOOP   0x00037f    program     static C:\Users\Dell\RealTimeProject\Project4\master\main.asm
           DBL_CLICK_LOOP   0x000230    program     static C:\Users\Dell\RealTimeProject\Project4\master\main.asm
                  DEC_PTR   0x000161    program     static C:\Users\Dell\RealTimeProject\Project4\master\main.asm
                DEC_WRITE   0x000108    program     static C:\Users\Dell\RealTimeProject\Project4\master\main.asm
              DELAY_100US   0x0002f1    program     static C:\Users\Dell\RealTimeProject\Project4\master\main.asm
               DELAY_10US   0x00037b    program     static C:\Users\Dell\RealTimeProject\Project4\master\main.asm
         DELAY_2SEC_LOOP1   0x000387    program     static C:\Users\Dell\RealTimeProject\Project4\master\main.asm
               DELAY_LOOP   0x0002f3    program     static C:\Users\Dell\RealTimeProject\Project4\master\main.asm
      DETECT_DOUBLE_CLICK   0x00022a    program     static C:\Users\Dell\RealTimeProject\Project4\master\main.asm
               DIGIT_LOOP   0x00017e    program     static C:\Users\Dell\RealTimeProject\Project4\master\main.asm
      DISPLAY_NUM1_HEADER   0x0000e5    program     static C:\Users\Dell\RealTimeProject\Project4\master\main.asm
           DISPLAY_NUMBER   0x0001b7    program     static C:\Users\Dell\RealTimeProject\Project4\master\main.asm
           DISPLAY_RESULT   0x000326    program     static C:\Users\Dell\RealTimeProject\Project4\master\main.asm
                 DISP_DEC   0x0001c8    program     static C:\Users\Dell\RealTimeProject\Project4\master\main.asm
                 DISP_INT   0x0001bd    program     static C:\Users\Dell\RealTimeProject\Project4\master\main.asm
               DRAW_AGAIN   0x000197    program     static C:\Users\Dell\RealTimeProject\Project4\master\main.asm
             DR_PRINT_DEC   0x000346    program     static C:\Users\Dell\RealTimeProject\Project4\master\main.asm
             DR_PRINT_INT   0x00033d    program     static C:\Users\Dell\RealTimeProject\Project4\master\main.asm
            FILL_DEC_LOOP   0x00012f    program     static C:\Users\Dell\RealTimeProject\Project4\master\main.asm
            GET_DIGIT_PTR   0x000157    program     static C:\Users\Dell\RealTimeProject\Project4\master\main.asm
                INIT_COMM   0x00038c    program     static C:\Users\Dell\RealTimeProject\Project4\master\main.asm
              INPUT_DIGIT   0x000167    program     static C:\Users\Dell\RealTimeProject\Project4\master\main.asm
             INPUT_NUMBER   0x0000c3    program     static C:\Users\Dell\RealTimeProject\Project4\master\main.asm
                LCD_CLEAR   0x000299    program     static C:\Users\Dell\RealTimeProject\Project4\master\main.asm
          LONG_2SEC_DELAY   0x000385    program     static C:\Users\Dell\RealTimeProject\Project4\master\main.asm
                     MAIN   0x000001    program     static C:\Users\Dell\RealTimeProject\Project4\master\main.asm
             NORMAL_WRITE   0x000141    program     static C:\Users\Dell\RealTimeProject\Project4\master\main.asm
          NOT_FIRST_DIGIT   0x000121    program     static C:\Users\Dell\RealTimeProject\Project4\master\main.asm
              NO_DOT_SKIP   0x0000fd    program     static C:\Users\Dell\RealTimeProject\Project4\master\main.asm
              NO_SKIP_DEC   0x00013d    program     static C:\Users\Dell\RealTimeProject\Project4\master\main.asm
             NO_TIMER_DEC   0x00004a    program     static C:\Users\Dell\RealTimeProject\Project4\master\main.asm
                 NUM_DONE   0x00014f    program     static C:\Users\Dell\RealTimeProject\Project4\master\main.asm
                 NUM_LOOP   0x0000ee    program     static C:\Users\Dell\RealTimeProject\Project4\master\main.asm
            ONE_SEC_DELAY   0x000150    program     static C:\Users\Dell\RealTimeProject\Project4\master\main.asm
             ONE_SEC_LOOP   0x000152    program     static C:\Users\Dell\RealTimeProject\Project4\master\main.asm
  PREPARE_TRANSFER_BUFFER   0x0002bc    program     static C:\Users\Dell\RealTimeProject\Project4\master\main.asm
             RECEIVE_BYTE   0x000312    program     static C:\Users\Dell\RealTimeProject\Project4\master\main.asm
       RECEIVE_DATA_BLOCK   0x0002f9    program     static C:\Users\Dell\RealTimeProject\Project4\master\main.asm
             RECEIVE_LOOP   0x000304    program     static C:\Users\Dell\RealTimeProject\Project4\master\main.asm
        RESET_PRESS_COUNT   0x00006f    program     static C:\Users\Dell\RealTimeProject\Project4\master\main.asm
          RESTART_PROGRAM   0x00001e    program     static C:\Users\Dell\RealTimeProject\Project4\master\main.asm
      RESULT_BTN_RELEASED   0x00005a    program     static C:\Users\Dell\RealTimeProject\Project4\master\main.asm
              RESULT_LOOP   0x00003c    program     static C:\Users\Dell\RealTimeProject\Project4\master\main.asm
   RESULT_NAVIGATION_MODE   0x000033    program     static C:\Users\Dell\RealTimeProject\Project4\master\main.asm
                SEND_BYTE   0x0002de    program     static C:\Users\Dell\RealTimeProject\Project4\master\main.asm
          SEND_DATA_BLOCK   0x0002d3    program     static C:\Users\Dell\RealTimeProject\Project4\master\main.asm
                SEND_LOOP   0x0002d7    program     static C:\Users\Dell\RealTimeProject\Project4\master\main.asm
           SEND_TEST_DATA   0x0002a6    program     static C:\Users\Dell\RealTimeProject\Project4\master\main.asm
            SET_NUM2_PTRS   0x0000ca    program     static C:\Users\Dell\RealTimeProject\Project4\master\main.asm
              SHOW_EQUALS   0x0000bc    program     static C:\Users\Dell\RealTimeProject\Project4\master\main.asm
              SHOW_N1_DEC   0x00009b    program     static C:\Users\Dell\RealTimeProject\Project4\master\main.asm
              SHOW_N1_INT   0x000090    program     static C:\Users\Dell\RealTimeProject\Project4\master\main.asm
              SHOW_N2_DEC   0x0000b6    program     static C:\Users\Dell\RealTimeProject\Project4\master\main.asm
              SHOW_N2_INT   0x0000ab    program     static C:\Users\Dell\RealTimeProject\Project4\master\main.asm
             SHOW_NUMBER1   0x000086    program     static C:\Users\Dell\RealTimeProject\Project4\master\main.asm
             SHOW_NUMBER2   0x0000a1    program     static C:\Users\Dell\RealTimeProject\Project4\master\main.asm
              SHOW_RESULT   0x000084    program     static C:\Users\Dell\RealTimeProject\Project4\master\main.asm
         SHOW_SKIP_PROMPT   0x0001ce    program     static C:\Users\Dell\RealTimeProject\Project4\master\main.asm
     SHOW_SKIP_PROMPT_DEC   0x0001f9    program     static C:\Users\Dell\RealTimeProject\Project4\master\main.asm
           SHOW_UNDEFINED   0x00034c    program     static C:\Users\Dell\RealTimeProject\Project4\master\main.asm
             SHOW_WELCOME   0x000270    program     static C:\Users\Dell\RealTimeProject\Project4\master\main.asm
                SKIP_COMM   0x00002d    program     static C:\Users\Dell\RealTimeProject\Project4\master\main.asm
          SKIP_TO_DECIMAL   0x000147    program     static C:\Users\Dell\RealTimeProject\Project4\master\main.asm
         SKIP_TO_NEXT_NUM   0x000140    program     static C:\Users\Dell\RealTimeProject\Project4\master\main.asm
                  TIMEOUT   0x000186    program     static C:\Users\Dell\RealTimeProject\Project4\master\main.asm
            TRANSFER_LOOP   0x0002c2    program     static C:\Users\Dell\RealTimeProject\Project4\master\main.asm
           UPDATE_DISPLAY   0x000077    program     static C:\Users\Dell\RealTimeProject\Project4\master\main.asm
            WAIT_ACK_HIGH   0x0002ea    program     static C:\Users\Dell\RealTimeProject\Project4\master\main.asm
          WAIT_ACK_HIGH_M   0x000319    program     static C:\Users\Dell\RealTimeProject\Project4\master\main.asm
             WAIT_ACK_LOW   0x0002ed    program     static C:\Users\Dell\RealTimeProject\Project4\master\main.asm
           WAIT_ACK_LOW_M   0x000323    program     static C:\Users\Dell\RealTimeProject\Project4\master\main.asm
      WAIT_ACK_LOW_MASTER   0x0002a8    program     static C:\Users\Dell\RealTimeProject\Project4\master\main.asm
             WAIT_RELEASE   0x000147    program     static C:\Users\Dell\RealTimeProject\Project4\master\main.asm
         WAIT_RELEASE_DEC   0x0001e5    program     static C:\Users\Dell\RealTimeProject\Project4\master\main.asm
             WRITE_COMMON   0x00010f    program     static C:\Users\Dell\RealTimeProject\Project4\master\main.asm
                     inid   0x0003ba    program     static C:\Users\Dell\RealTimeProject\Project4\master\LCDIS.INC
                  lcd_cmd   0x00029e    program     static C:\Users\Dell\RealTimeProject\Project4\master\main.asm
                 lcd_data   0x0002a2    program     static C:\Users\Dell\RealTimeProject\Project4\master\main.asm
                    loop1   0x00039c    program     static C:\Users\Dell\RealTimeProject\Project4\master\LCDIS.INC
                    loopX   0x0003a1    program     static C:\Users\Dell\RealTimeProject\Project4\master\LCDIS.INC
                    onems   0x00039a    program     static C:\Users\Dell\RealTimeProject\Project4\master\LCDIS.INC
            print_number1   0x00024e    program     static C:\Users\Dell\RealTimeProject\Project4\master\main.asm
            print_number2   0x00025f    program     static C:\Users\Dell\RealTimeProject\Project4\master\main.asm
                   pulseE   0x0003a5    program     static C:\Users\Dell\RealTimeProject\Project4\master\LCDIS.INC
                     send   0x0003aa    program     static C:\Users\Dell\RealTimeProject\Project4\master\LCDIS.INC
                      xms   0x0003a0    program     static C:\Users\Dell\RealTimeProject\Project4\master\LCDIS.INC



                              Symbols - Sorted by Address
                     Name    Address   Location    Storage File                     
                ---------  ---------  ---------  --------- ---------                
                     MAIN   0x000001    program     static C:\Users\Dell\RealTimeProject\Project4\master\main.asm
               BLINK_LOOP   0x000014    program     static C:\Users\Dell\RealTimeProject\Project4\master\main.asm
          RESTART_PROGRAM   0x00001e    program     static C:\Users\Dell\RealTimeProject\Project4\master\main.asm
                SKIP_COMM   0x00002d    program     static C:\Users\Dell\RealTimeProject\Project4\master\main.asm
   RESULT_NAVIGATION_MODE   0x000033    program     static C:\Users\Dell\RealTimeProject\Project4\master\main.asm
              RESULT_LOOP   0x00003c    program     static C:\Users\Dell\RealTimeProject\Project4\master\main.asm
      CHECK_RESULT_BUTTON   0x000044    program     static C:\Users\Dell\RealTimeProject\Project4\master\main.asm
             NO_TIMER_DEC   0x00004a    program     static C:\Users\Dell\RealTimeProject\Project4\master\main.asm
      RESULT_BTN_RELEASED   0x00005a    program     static C:\Users\Dell\RealTimeProject\Project4\master\main.asm
       CHECK_TIMER_EXPIRE   0x000067    program     static C:\Users\Dell\RealTimeProject\Project4\master\main.asm
        RESET_PRESS_COUNT   0x00006f    program     static C:\Users\Dell\RealTimeProject\Project4\master\main.asm
  CHECK_RESULT_BUTTON_END   0x000070    program     static C:\Users\Dell\RealTimeProject\Project4\master\main.asm
       CYCLE_DISPLAY_MODE   0x000071    program     static C:\Users\Dell\RealTimeProject\Project4\master\main.asm
           UPDATE_DISPLAY   0x000077    program     static C:\Users\Dell\RealTimeProject\Project4\master\main.asm
              SHOW_RESULT   0x000084    program     static C:\Users\Dell\RealTimeProject\Project4\master\main.asm
             SHOW_NUMBER1   0x000086    program     static C:\Users\Dell\RealTimeProject\Project4\master\main.asm
              SHOW_N1_INT   0x000090    program     static C:\Users\Dell\RealTimeProject\Project4\master\main.asm
              SHOW_N1_DEC   0x00009b    program     static C:\Users\Dell\RealTimeProject\Project4\master\main.asm
             SHOW_NUMBER2   0x0000a1    program     static C:\Users\Dell\RealTimeProject\Project4\master\main.asm
              SHOW_N2_INT   0x0000ab    program     static C:\Users\Dell\RealTimeProject\Project4\master\main.asm
              SHOW_N2_DEC   0x0000b6    program     static C:\Users\Dell\RealTimeProject\Project4\master\main.asm
              SHOW_EQUALS   0x0000bc    program     static C:\Users\Dell\RealTimeProject\Project4\master\main.asm
             INPUT_NUMBER   0x0000c3    program     static C:\Users\Dell\RealTimeProject\Project4\master\main.asm
            SET_NUM2_PTRS   0x0000ca    program     static C:\Users\Dell\RealTimeProject\Project4\master\main.asm
             CLEAR_ARRAYS   0x0000ce    program     static C:\Users\Dell\RealTimeProject\Project4\master\main.asm
                 CLR_LOOP   0x0000d2    program     static C:\Users\Dell\RealTimeProject\Project4\master\main.asm
      DISPLAY_NUM1_HEADER   0x0000e5    program     static C:\Users\Dell\RealTimeProject\Project4\master\main.asm
           CONTINUE_INPUT   0x0000e8    program     static C:\Users\Dell\RealTimeProject\Project4\master\main.asm
                 NUM_LOOP   0x0000ee    program     static C:\Users\Dell\RealTimeProject\Project4\master\main.asm
              NO_DOT_SKIP   0x0000fd    program     static C:\Users\Dell\RealTimeProject\Project4\master\main.asm
                DEC_WRITE   0x000108    program     static C:\Users\Dell\RealTimeProject\Project4\master\main.asm
             WRITE_COMMON   0x00010f    program     static C:\Users\Dell\RealTimeProject\Project4\master\main.asm
          NOT_FIRST_DIGIT   0x000121    program     static C:\Users\Dell\RealTimeProject\Project4\master\main.asm
            FILL_DEC_LOOP   0x00012f    program     static C:\Users\Dell\RealTimeProject\Project4\master\main.asm
              NO_SKIP_DEC   0x00013d    program     static C:\Users\Dell\RealTimeProject\Project4\master\main.asm
         SKIP_TO_NEXT_NUM   0x000140    program     static C:\Users\Dell\RealTimeProject\Project4\master\main.asm
             NORMAL_WRITE   0x000141    program     static C:\Users\Dell\RealTimeProject\Project4\master\main.asm
          SKIP_TO_DECIMAL   0x000147    program     static C:\Users\Dell\RealTimeProject\Project4\master\main.asm
             WAIT_RELEASE   0x000147    program     static C:\Users\Dell\RealTimeProject\Project4\master\main.asm
                 NUM_DONE   0x00014f    program     static C:\Users\Dell\RealTimeProject\Project4\master\main.asm
            ONE_SEC_DELAY   0x000150    program     static C:\Users\Dell\RealTimeProject\Project4\master\main.asm
             ONE_SEC_LOOP   0x000152    program     static C:\Users\Dell\RealTimeProject\Project4\master\main.asm
            GET_DIGIT_PTR   0x000157    program     static C:\Users\Dell\RealTimeProject\Project4\master\main.asm
                  DEC_PTR   0x000161    program     static C:\Users\Dell\RealTimeProject\Project4\master\main.asm
              INPUT_DIGIT   0x000167    program     static C:\Users\Dell\RealTimeProject\Project4\master\main.asm
               DIGIT_LOOP   0x00017e    program     static C:\Users\Dell\RealTimeProject\Project4\master\main.asm
                  TIMEOUT   0x000186    program     static C:\Users\Dell\RealTimeProject\Project4\master\main.asm
                  BTN_REL   0x00018d    program     static C:\Users\Dell\RealTimeProject\Project4\master\main.asm
               DRAW_AGAIN   0x000197    program     static C:\Users\Dell\RealTimeProject\Project4\master\main.asm
              BTN_PRESSED   0x0001a1    program     static C:\Users\Dell\RealTimeProject\Project4\master\main.asm
                AUTO_FILL   0x0001a2    program     static C:\Users\Dell\RealTimeProject\Project4\master\main.asm
              AF_INT_LOOP   0x0001a6    program     static C:\Users\Dell\RealTimeProject\Project4\master\main.asm
              AF_DEC_LOOP   0x0001b0    program     static C:\Users\Dell\RealTimeProject\Project4\master\main.asm
           DISPLAY_NUMBER   0x0001b7    program     static C:\Users\Dell\RealTimeProject\Project4\master\main.asm
                 DISP_INT   0x0001bd    program     static C:\Users\Dell\RealTimeProject\Project4\master\main.asm
                 DISP_DEC   0x0001c8    program     static C:\Users\Dell\RealTimeProject\Project4\master\main.asm
         SHOW_SKIP_PROMPT   0x0001ce    program     static C:\Users\Dell\RealTimeProject\Project4\master\main.asm
         WAIT_RELEASE_DEC   0x0001e5    program     static C:\Users\Dell\RealTimeProject\Project4\master\main.asm
             CLEAR_PROMPT   0x0001ed    program     static C:\Users\Dell\RealTimeProject\Project4\master\main.asm
     SHOW_SKIP_PROMPT_DEC   0x0001f9    program     static C:\Users\Dell\RealTimeProject\Project4\master\main.asm
         CLEAR_PROMPT_DEC   0x00021e    program     static C:\Users\Dell\RealTimeProject\Project4\master\main.asm
      DETECT_DOUBLE_CLICK   0x00022a    program     static C:\Users\Dell\RealTimeProject\Project4\master\main.asm
           DBL_CLICK_LOOP   0x000230    program     static C:\Users\Dell\RealTimeProject\Project4\master\main.asm
          CHECK_BTN_STATE   0x000235    program     static C:\Users\Dell\RealTimeProject\Project4\master\main.asm
             BTN_RELEASED   0x000244    program     static C:\Users\Dell\RealTimeProject\Project4\master\main.asm
            print_number1   0x00024e    program     static C:\Users\Dell\RealTimeProject\Project4\master\main.asm
            print_number2   0x00025f    program     static C:\Users\Dell\RealTimeProject\Project4\master\main.asm
             SHOW_WELCOME   0x000270    program     static C:\Users\Dell\RealTimeProject\Project4\master\main.asm
                LCD_CLEAR   0x000299    program     static C:\Users\Dell\RealTimeProject\Project4\master\main.asm
                  lcd_cmd   0x00029e    program     static C:\Users\Dell\RealTimeProject\Project4\master\main.asm
                 lcd_data   0x0002a2    program     static C:\Users\Dell\RealTimeProject\Project4\master\main.asm
           SEND_TEST_DATA   0x0002a6    program     static C:\Users\Dell\RealTimeProject\Project4\master\main.asm
      WAIT_ACK_LOW_MASTER   0x0002a8    program     static C:\Users\Dell\RealTimeProject\Project4\master\main.asm
  PREPARE_TRANSFER_BUFFER   0x0002bc    program     static C:\Users\Dell\RealTimeProject\Project4\master\main.asm
            TRANSFER_LOOP   0x0002c2    program     static C:\Users\Dell\RealTimeProject\Project4\master\main.asm
          SEND_DATA_BLOCK   0x0002d3    program     static C:\Users\Dell\RealTimeProject\Project4\master\main.asm
                SEND_LOOP   0x0002d7    program     static C:\Users\Dell\RealTimeProject\Project4\master\main.asm
                SEND_BYTE   0x0002de    program     static C:\Users\Dell\RealTimeProject\Project4\master\main.asm
            WAIT_ACK_HIGH   0x0002ea    program     static C:\Users\Dell\RealTimeProject\Project4\master\main.asm
             WAIT_ACK_LOW   0x0002ed    program     static C:\Users\Dell\RealTimeProject\Project4\master\main.asm
              DELAY_100US   0x0002f1    program     static C:\Users\Dell\RealTimeProject\Project4\master\main.asm
               DELAY_LOOP   0x0002f3    program     static C:\Users\Dell\RealTimeProject\Project4\master\main.asm
       RECEIVE_DATA_BLOCK   0x0002f9    program     static C:\Users\Dell\RealTimeProject\Project4\master\main.asm
             RECEIVE_LOOP   0x000304    program     static C:\Users\Dell\RealTimeProject\Project4\master\main.asm
             RECEIVE_BYTE   0x000312    program     static C:\Users\Dell\RealTimeProject\Project4\master\main.asm
          WAIT_ACK_HIGH_M   0x000319    program     static C:\Users\Dell\RealTimeProject\Project4\master\main.asm
           WAIT_ACK_LOW_M   0x000323    program     static C:\Users\Dell\RealTimeProject\Project4\master\main.asm
           DISPLAY_RESULT   0x000326    program     static C:\Users\Dell\RealTimeProject\Project4\master\main.asm
             DR_PRINT_INT   0x00033d    program     static C:\Users\Dell\RealTimeProject\Project4\master\main.asm
             DR_PRINT_DEC   0x000346    program     static C:\Users\Dell\RealTimeProject\Project4\master\main.asm
           SHOW_UNDEFINED   0x00034c    program     static C:\Users\Dell\RealTimeProject\Project4\master\main.asm
         CHECK_DENOM_ZERO   0x00035f    program     static C:\Users\Dell\RealTimeProject\Project4\master\main.asm
              CZ_INT_LOOP   0x000364    program     static C:\Users\Dell\RealTimeProject\Project4\master\main.asm
              CZ_INT_NEXT   0x00036a    program     static C:\Users\Dell\RealTimeProject\Project4\master\main.asm
              CZ_DEC_LOOP   0x000371    program     static C:\Users\Dell\RealTimeProject\Project4\master\main.asm
              CZ_DEC_NEXT   0x000377    program     static C:\Users\Dell\RealTimeProject\Project4\master\main.asm
               DELAY_10US   0x00037b    program     static C:\Users\Dell\RealTimeProject\Project4\master\main.asm
                 D10_LOOP   0x00037f    program     static C:\Users\Dell\RealTimeProject\Project4\master\main.asm
          LONG_2SEC_DELAY   0x000385    program     static C:\Users\Dell\RealTimeProject\Project4\master\main.asm
         DELAY_2SEC_LOOP1   0x000387    program     static C:\Users\Dell\RealTimeProject\Project4\master\main.asm
                INIT_COMM   0x00038c    program     static C:\Users\Dell\RealTimeProject\Project4\master\main.asm
                    onems   0x00039a    program     static C:\Users\Dell\RealTimeProject\Project4\master\LCDIS.INC
                    loop1   0x00039c    program     static C:\Users\Dell\RealTimeProject\Project4\master\LCDIS.INC
                      xms   0x0003a0    program     static C:\Users\Dell\RealTimeProject\Project4\master\LCDIS.INC
                    loopX   0x0003a1    program     static C:\Users\Dell\RealTimeProject\Project4\master\LCDIS.INC
                   pulseE   0x0003a5    program     static C:\Users\Dell\RealTimeProject\Project4\master\LCDIS.INC
                     send   0x0003aa    program     static C:\Users\Dell\RealTimeProject\Project4\master\LCDIS.INC
                     inid   0x0003ba    program     static C:\Users\Dell\RealTimeProject\Project4\master\LCDIS.INC


